Octopus.Server.Extensibility.IssueTracker.AzureDevOps.AzureDevOpsIssueTrackerExtension